[INFO] Running DRC of </foss/designs/current-designs/reversible-mac/src/reversible_stdcells/layout/views/rev_cnot/rev_cnot.gds>.
[INFO] Results are put into </foss/designs/current-designs/reversible-mac/src/reversible_stdcells/layout/views/rev_cnot/verification>.
[INFO] Launching Magic DRC...
[INFO] Launching KLayout DRC...
---
[INFO] Magic DRC errors found! Check </foss/designs/current-designs/reversible-mac/src/reversible_stdcells/layout/views/rev_cnot/verification/rev_cnot.magic.drc/rev_cnot.magic.drc.rpt>!
[INFO] KLayout FEOL DRC is clean!
[INFO] KLayout 1 BEOL DRC errors found! Check </foss/designs/current-designs/reversible-mac/src/reversible_stdcells/layout/views/rev_cnot/verification/rev_cnot.klayout.drc.beol.xml>!
[INFO] KLayout pin check DRC is clean!
[INFO] KLayout zero-area DRC is clean!
---
DRC ERRORS FOUND! Please check the output files!
      .-"""""-.
    .'  _   _  '.
   /   (o) (o)   \
  |       <       |
  |     _____     |
   \             /
    '.         .'
      '-.....-'
---
