Netgen 1.5.323 compiled on Tue Aug 25 11:18:35 AM CEST 2026
Warning: netgen command 'format' use fully-qualified name '::netgen::format'
Warning: netgen command 'global' use fully-qualified name '::netgen::global'
Reading netlist file /foss/designs/current-designs/reversible-mac/src/reversible_stdcells/layout/views/rev_cnot/rev_cnot.schematic.spice for /foss/designs/current-designs/reversible-mac/src/reversible_stdcells/layout/views/rev_cnot/rev_cnot.schematic.spice rev_cnot
Call to undefined subcircuit sky130_fd_pr__pfet_01v8
Creating placeholder cell definition.
Call to undefined subcircuit sky130_fd_pr__nfet_01v8
Creating placeholder cell definition.
Reading netlist file /foss/designs/current-designs/reversible-mac/src/reversible_stdcells/layout/views/rev_cnot/rev_cnot.lvs.spice for /foss/designs/current-designs/reversible-mac/src/reversible_stdcells/layout/views/rev_cnot/rev_cnot.lvs.spice rev_cnot
Call to undefined subcircuit sky130_fd_pr__pfet_01v8
Creating placeholder cell definition.
Call to undefined subcircuit sky130_fd_pr__nfet_01v8
Creating placeholder cell definition.

Reading setup file /foss/pdks/sky130A/libs.tech/netgen/sky130A_setup.tcl

Model sky130_fd_pr__nfet_01v8 pin 1 == 3
No property area found for device sky130_fd_pr__nfet_01v8
No property perim found for device sky130_fd_pr__nfet_01v8
No property topography found for device sky130_fd_pr__nfet_01v8
Model sky130_fd_pr__nfet_01v8 pin 1 == 3
No property mult found for device sky130_fd_pr__nfet_01v8
No property sa found for device sky130_fd_pr__nfet_01v8
No property sb found for device sky130_fd_pr__nfet_01v8
No property sd found for device sky130_fd_pr__nfet_01v8
No property nf found for device sky130_fd_pr__nfet_01v8
No property nrd found for device sky130_fd_pr__nfet_01v8
No property nrs found for device sky130_fd_pr__nfet_01v8
No property area found for device sky130_fd_pr__nfet_01v8
No property perim found for device sky130_fd_pr__nfet_01v8
No property topography found for device sky130_fd_pr__nfet_01v8
Model sky130_fd_pr__pfet_01v8 pin 1 == 3
No property area found for device sky130_fd_pr__pfet_01v8
No property perim found for device sky130_fd_pr__pfet_01v8
No property topography found for device sky130_fd_pr__pfet_01v8
Model sky130_fd_pr__pfet_01v8 pin 1 == 3
No property mult found for device sky130_fd_pr__pfet_01v8
No property sa found for device sky130_fd_pr__pfet_01v8
No property sb found for device sky130_fd_pr__pfet_01v8
No property sd found for device sky130_fd_pr__pfet_01v8
No property nf found for device sky130_fd_pr__pfet_01v8
No property nrd found for device sky130_fd_pr__pfet_01v8
No property nrs found for device sky130_fd_pr__pfet_01v8
No property area found for device sky130_fd_pr__pfet_01v8
No property perim found for device sky130_fd_pr__pfet_01v8
No property topography found for device sky130_fd_pr__pfet_01v8
Comparison output logged to file /foss/designs/current-designs/reversible-mac/src/reversible_stdcells/layout/views/rev_cnot/verification/lvs.out
Logging to file "/foss/designs/current-designs/reversible-mac/src/reversible_stdcells/layout/views/rev_cnot/verification/lvs.out" enabled
Circuit sky130_fd_pr__pfet_01v8 contains no devices.
Circuit sky130_fd_pr__nfet_01v8 contains no devices.

Contents of circuit 1:  Circuit: 'rev_cnot'
Circuit rev_cnot contains 9 device instances.
  Class: vsrc                  instances:   1
  Class: sky130_fd_pr__pfet_01v8 instances:   4
  Class: sky130_fd_pr__nfet_01v8 instances:   4
Circuit contains 8 nets.
Contents of circuit 2:  Circuit: 'rev_cnot'
Circuit rev_cnot contains 9 device instances.
  Class: vsrc                  instances:   1
  Class: sky130_fd_pr__pfet_01v8 instances:   4
  Class: sky130_fd_pr__nfet_01v8 instances:   4
Circuit contains 8 nets.

Circuit 1 contains 9 devices, Circuit 2 contains 9 devices.
Circuit 1 contains 8 nets,    Circuit 2 contains 8 nets.


Final result: 
Circuits match uniquely.
.
Logging to file "/foss/designs/current-designs/reversible-mac/src/reversible_stdcells/layout/views/rev_cnot/verification/lvs.out" disabled
LVS Done.
