rev_toffoli
----------------------------------------
Metal1 spacing < 0.14um (met1.2)
----------------------------------------
 1.780um 3.280um 1.920um 3.310um
 1.780um 3.280um 2.730um 3.310um
 3.310um 3.280um 3.450um 3.310um
 3.310um 3.280um 4.260um 3.310um
 4.840um 3.280um 4.980um 3.310um
 4.840um 3.280um 5.790um 3.310um
 6.370um 3.280um 6.510um 3.310um
 6.370um 3.280um 7.320um 3.310um
 7.900um 3.280um 8.040um 3.310um
 7.900um 3.280um 8.850um 3.310um
 9.430um 3.280um 9.570um 3.310um
 9.430um 3.280um 10.380um 3.310um
 2.590um 3.225um 2.730um 3.310um
 2.590um 3.225um 3.210um 3.310um
 3.070um 3.225um 3.210um 3.310um
 4.120um 3.225um 4.260um 3.310um
 4.120um 3.225um 4.740um 3.310um
 4.600um 3.225um 4.740um 3.310um
 5.650um 3.225um 5.790um 3.310um
 5.650um 3.225um 6.270um 3.310um
 6.130um 3.225um 6.270um 3.310um
 7.180um 3.225um 7.320um 3.310um
 7.180um 3.225um 7.800um 3.310um
 7.660um 3.225um 7.800um 3.310um
 8.710um 3.225um 8.850um 3.310um
 8.710um 3.225um 9.330um 3.310um
 9.190um 3.225um 9.330um 3.310um
 10.240um 3.225um 10.380um 3.310um
 10.240um 3.225um 10.860um 3.310um
 10.720um 3.225um 10.860um 3.310um
 1.920um 3.420um 3.070um 3.450um
 3.450um 3.420um 4.600um 3.450um
 4.980um 3.420um 6.130um 3.450um
 6.510um 3.420um 7.660um 3.450um
 8.040um 3.420um 9.190um 3.450um
 9.570um 3.420um 10.720um 3.450um
 2.730um 3.365um 3.070um 3.420um
 4.260um 3.365um 4.600um 3.420um
 5.790um 3.365um 6.130um 3.420um
 7.320um 3.365um 7.660um 3.420um
 8.850um 3.365um 9.190um 3.420um
 10.380um 3.365um 10.720um 3.420um
 2.730um 3.030um 3.070um 3.085um
 4.260um 3.030um 4.600um 3.085um
 2.590um 3.170um 3.210um 3.225um
 4.120um 3.170um 4.740um 3.225um
 2.590um 3.170um 2.730um 3.225um
 3.070um 3.170um 3.210um 3.225um
 4.120um 3.170um 4.260um 3.225um
 4.600um 3.170um 4.740um 3.225um
----------------------------------------
[INFO] COUNT: 50
[INFO] Should be divided by 3 or 4

