OpenROAD 26Q3-1621-g21512b0ab 
Features included (+) or not (-): +GPU +GUI +Python
This program is licensed under the BSD-3 license. See the LICENSE file for details.
Components of this program may be licensed under more restrictive licenses which must be honored.
[INFO ODB-0227] LEF file: /foss/pdks/sky130A/libs.ref/sky130_fd_sc_hd/techlef/sky130_fd_sc_hd__nom.tlef, created 14 layers, 25 vias
[WARNING ODB-0220] WARNING (LEFPARS-2008): NOWIREEXTENSIONATPIN statement is obsolete in version 5.6 or later.
The NOWIREEXTENSIONATPIN statement will be ignored. See file /foss/pdks/sky130A/libs.ref/sky130_fd_sc_hd/lef/sky130_fd_sc_hd.lef at line 2.

[INFO ODB-0227] LEF file: /foss/pdks/sky130A/libs.ref/sky130_fd_sc_hd/lef/sky130_fd_sc_hd.lef, created 437 library cells
[INFO ODB-0227] LEF file: /foss/designs/current-designs/reversible-circuit/reversible_stdcells/layout/views/rev_not/rev_not.lef, created 1 library cells
[INFO ODB-0227] LEF file: /foss/designs/current-designs/reversible-circuit/reversible_stdcells/layout/views/rev_cnot/rev_cnot.lef, created 1 library cells
[INFO ODB-0227] LEF file: /foss/designs/current-designs/reversible-circuit/reversible_stdcells/layout/views/rev_toffoli/rev_toffoli.lef, created 1 library cells
[INFO IFP-0001] Added 32 rows of 327 site unithd.
[INFO IFP-0100] Die BBox:  (  0.000  0.000 ) ( 160.000 100.000 ) um
[INFO IFP-0101] Core BBox: (  4.600  5.440 ) ( 155.020 92.480 ) um
[INFO IFP-0102] Core area:                        13092.557 um^2
[INFO IFP-0103] Total instances area:               127.622 um^2
[INFO IFP-0104] Effective utilization:                0.010
[INFO IFP-0105] Number of instances:                      3
[WARNING MPL-0002] Could not align all pins of the macro u_not to the track-grid. 1 out of 2 pins were aligned.
[INFO MPL-0035] Macro u_not placed. Bounding box (9.200um, 11.520um), (12.880um, 16.960um). Orientation R0
[WARNING MPL-0002] Could not align all pins of the macro u_cnot to the track-grid. 2 out of 4 pins were aligned.
[INFO MPL-0035] Macro u_cnot placed. Bounding box (23.000um, 33.280um), (31.280um, 38.720um). Orientation R0
[WARNING MPL-0002] Could not align all pins of the macro u_toffoli to the track-grid. 2 out of 6 pins were aligned.
[INFO MPL-0035] Macro u_toffoli placed. Bounding box (59.800um, 55.040um), (71.300um, 60.480um). Orientation R0
Found 3 macro blocks.
Using 2 tracks default min distance between IO pins.
[INFO PPL-0001] Number of available slots 484
[INFO PPL-0002] Number of I/O             9
[INFO PPL-0003] Number of I/O w/sink      9
[INFO PPL-0004] Number of I/O w/o sink    0
[INFO PPL-0005] Slots per section         200
[INFO PPL-0008] Successfully assigned pins to sections.
[INFO PPL-0012] I/O nets HPWL: 430.85 um.
[INFO DRT-0149] Reading tech and libs.
[WARNING DRT-0349] LEF58_ENCLOSURE with no CUTCLASS is not supported. Skipping for layer mcon
[WARNING DRT-0349] LEF58_ENCLOSURE with no CUTCLASS is not supported. Skipping for layer mcon
[WARNING DRT-0349] LEF58_ENCLOSURE with no CUTCLASS is not supported. Skipping for layer via
[WARNING DRT-0349] LEF58_ENCLOSURE with no CUTCLASS is not supported. Skipping for layer via
[WARNING DRT-0349] LEF58_ENCLOSURE with no CUTCLASS is not supported. Skipping for layer via2
[WARNING DRT-0349] LEF58_ENCLOSURE with no CUTCLASS is not supported. Skipping for layer via2
[WARNING DRT-0349] LEF58_ENCLOSURE with no CUTCLASS is not supported. Skipping for layer via3
[WARNING DRT-0349] LEF58_ENCLOSURE with no CUTCLASS is not supported. Skipping for layer via3
[WARNING DRT-0349] LEF58_ENCLOSURE with no CUTCLASS is not supported. Skipping for layer via4
[WARNING DRT-0349] LEF58_ENCLOSURE with no CUTCLASS is not supported. Skipping for layer via4

Units:                1000
Number of layers:     13
Number of macros:     440
Number of vias:       25
Number of viarulegen: 25

[INFO DRT-0150] Reading design.

Design:                   reversible_cells_smoke
Die area:                 ( 0 0 ) ( 160000 100000 )
Number of track patterns: 12
Number of DEF vias:       0
Number of components:     3
Number of terminals:      9
Number of snets:          2
Number of nets:           9

[INFO DRT-0167] List of default vias:
  Layer via
    default via: M1M2_PR
  Layer via2
    default via: M2M3_PR
  Layer via3
    default via: M3M4_PR
  Layer via4
    default via: M4M5_PR
[INFO DRT-0162] Library cell analysis.
[INFO DRT-0163] Instance analysis.
[INFO DRT-0164] Number of unique instances = 3.
[INFO DRT-0168] Init region query.
[INFO DRT-0024]   Complete FR_MASTERSLICE.
[INFO DRT-0024]   Complete licon.
[INFO DRT-0024]   Complete li1.
[INFO DRT-0024]   Complete mcon.
[INFO DRT-0024]   Complete met1.
[INFO DRT-0024]   Complete via.
[INFO DRT-0024]   Complete met2.
[INFO DRT-0024]   Complete via2.
[INFO DRT-0024]   Complete met3.
[INFO DRT-0024]   Complete via3.
[INFO DRT-0024]   Complete met4.
[INFO DRT-0024]   Complete via4.
[INFO DRT-0024]   Complete met5.
[INFO DRT-0033] FR_MASTERSLICE shape region query size = 0.
[INFO DRT-0033] licon shape region query size = 0.
[INFO DRT-0033] li1 shape region query size = 3.
[INFO DRT-0033] mcon shape region query size = 0.
[INFO DRT-0033] met1 shape region query size = 3.
[INFO DRT-0033] via shape region query size = 0.
[INFO DRT-0033] met2 shape region query size = 7.
[INFO DRT-0033] via2 shape region query size = 0.
[INFO DRT-0033] met3 shape region query size = 37.
[INFO DRT-0033] via3 shape region query size = 0.
[INFO DRT-0033] met4 shape region query size = 0.
[INFO DRT-0033] via4 shape region query size = 0.
[INFO DRT-0033] met5 shape region query size = 0.
[INFO DRT-0165] Start pin access.
[INFO DRT-0078]   Complete 18 pins.
[INFO DRT-0081]   Complete 0 unique inst patterns.
[INFO DRT-0084]   Complete 0 groups.
#scanned instances     = 3
#unique  instances     = 3
#stdCellGenAp          = 0
#stdCellValidPlanarAp  = 0
#stdCellValidViaAp     = 0
#stdCellPinNoAp        = 0
#stdCellPinCnt         = 0
#instTermValidViaApCnt = 0
#macroGenAp            = 65
#macroValidPlanarAp    = 65
#macroValidViaAp       = 65
#macroNoAp             = 0
[INFO DRT-0166] Complete pin access.
[INFO DRT-0267] cpu time = 00:00:00, elapsed time = 00:00:00, memory = 193.46 (MB), peak = 200.81 (MB)

[INFO DRT-0157] Number of guides:     29

[INFO DRT-0169] Post process guides.
[INFO DRT-0176] GCELLGRID X 0 DO 23 STEP 6900 ;
[INFO DRT-0177] GCELLGRID Y 0 DO 14 STEP 6900 ;
[INFO DRT-0028]   Complete FR_MASTERSLICE.
[INFO DRT-0028]   Complete licon.
[INFO DRT-0028]   Complete li1.
[INFO DRT-0028]   Complete mcon.
[INFO DRT-0028]   Complete met1.
[INFO DRT-0028]   Complete via.
[INFO DRT-0028]   Complete met2.
[INFO DRT-0028]   Complete via2.
[INFO DRT-0028]   Complete met3.
[INFO DRT-0028]   Complete via3.
[INFO DRT-0028]   Complete met4.
[INFO DRT-0028]   Complete via4.
[INFO DRT-0028]   Complete met5.
[INFO DRT-0178] Init guide query.
[INFO DRT-0035]   Complete FR_MASTERSLICE (guide).
[INFO DRT-0035]   Complete licon (guide).
[INFO DRT-0035]   Complete li1 (guide).
[INFO DRT-0035]   Complete mcon (guide).
[INFO DRT-0035]   Complete met1 (guide).
[INFO DRT-0035]   Complete via (guide).
[INFO DRT-0035]   Complete met2 (guide).
[INFO DRT-0035]   Complete via2 (guide).
[INFO DRT-0035]   Complete met3 (guide).
[INFO DRT-0035]   Complete via3 (guide).
[INFO DRT-0035]   Complete met4 (guide).
[INFO DRT-0035]   Complete via4 (guide).
[INFO DRT-0035]   Complete met5 (guide).
[INFO DRT-0036] FR_MASTERSLICE guide region query size = 0.
[INFO DRT-0036] licon guide region query size = 0.
[INFO DRT-0036] li1 guide region query size = 0.
[INFO DRT-0036] mcon guide region query size = 0.
[INFO DRT-0036] met1 guide region query size = 0.
[INFO DRT-0036] via guide region query size = 0.
[INFO DRT-0036] met2 guide region query size = 4.
[INFO DRT-0036] via2 guide region query size = 0.
[INFO DRT-0036] met3 guide region query size = 15.
[INFO DRT-0036] via3 guide region query size = 0.
[INFO DRT-0036] met4 guide region query size = 3.
[INFO DRT-0036] via4 guide region query size = 0.
[INFO DRT-0036] met5 guide region query size = 0.
[INFO DRT-0179] Init gr pin query.
[INFO DRT-0267] cpu time = 00:00:00, elapsed time = 00:00:00, memory = 193.46 (MB), peak = 200.81 (MB)
[INFO DRT-0245] skipped writing guide updates to database.
[INFO DRT-0181] Start track assignment.
[INFO DRT-0184] Done with 7 vertical wires in 1 frboxes and 15 horizontal wires in 1 frboxes.
[INFO DRT-0186] Done with 5 vertical wires in 1 frboxes and 2 horizontal wires in 1 frboxes.
[INFO DRT-0182] Complete track assignment.
[INFO DRT-0267] cpu time = 00:00:00, elapsed time = 00:00:00, memory = 193.65 (MB), peak = 200.81 (MB)
[INFO DRT-0187] Start routing data preparation.
[INFO DRT-0267] cpu time = 00:00:00, elapsed time = 00:00:00, memory = 193.71 (MB), peak = 200.81 (MB)
[INFO DRT-0194] Start detail routing.
[INFO DRT-0195] Start 0th optimization iteration.
    Completing 10% with 0 violations.
    elapsed time = 00:00:00, memory = 198.18 (MB).
    Completing 20% with 0 violations.
    elapsed time = 00:00:00, memory = 198.18 (MB).
    Completing 30% with 0 violations.
    elapsed time = 00:00:00, memory = 198.18 (MB).
    Completing 50% with 0 violations.
    elapsed time = 00:00:00, memory = 198.18 (MB).
    Completing 60% with 0 violations.
    elapsed time = 00:00:00, memory = 198.18 (MB).
    Completing 70% with 0 violations.
    elapsed time = 00:00:00, memory = 198.18 (MB).
    Completing 80% with 0 violations.
    elapsed time = 00:00:00, memory = 200.77 (MB).
    Completing 100% with 3 violations.
    elapsed time = 00:00:00, memory = 200.77 (MB).
[INFO DRT-0199]   Number of violations = 3.
Viol/Layer        met2   met3
Metal Spacing        0      2
Short                1      0
[INFO DRT-0267] cpu time = 00:00:00, elapsed time = 00:00:00, memory = 557.07 (MB), peak = 556.89 (MB)
Total wire length = 477 um.
Total wire length on LAYER li1 = 0 um.
Total wire length on LAYER met1 = 0 um.
Total wire length on LAYER met2 = 173 um.
Total wire length on LAYER met3 = 238 um.
Total wire length on LAYER met4 = 65 um.
Total wire length on LAYER met5 = 0 um.
Total number of vias = 14.
Up-via summary (total 14):

---------------------
 FR_MASTERSLICE     0
            li1     0
           met1     0
           met2     8
           met3     6
           met4     0
---------------------
               14


[INFO DRT-0195] Start 1st optimization iteration.
    Completing 10% with 3 violations.
    elapsed time = 00:00:00, memory = 557.13 (MB).
    Completing 20% with 3 violations.
    elapsed time = 00:00:00, memory = 557.13 (MB).
    Completing 30% with 3 violations.
    elapsed time = 00:00:00, memory = 557.13 (MB).
    Completing 40% with 3 violations.
    elapsed time = 00:00:00, memory = 557.13 (MB).
    Completing 50% with 3 violations.
    elapsed time = 00:00:00, memory = 557.13 (MB).
    Completing 60% with 3 violations.
    elapsed time = 00:00:00, memory = 557.13 (MB).
    Completing 70% with 3 violations.
    elapsed time = 00:00:00, memory = 557.13 (MB).
    Completing 80% with 3 violations.
    elapsed time = 00:00:00, memory = 557.13 (MB).
    Completing 90% with 2 violations.
    elapsed time = 00:00:00, memory = 557.13 (MB).
    Completing 100% with 0 violations.
    elapsed time = 00:00:00, memory = 557.13 (MB).
[INFO DRT-0199]   Number of violations = 0.
[INFO DRT-0267] cpu time = 00:00:00, elapsed time = 00:00:00, memory = 557.26 (MB), peak = 557.16 (MB)
Total wire length = 477 um.
Total wire length on LAYER li1 = 0 um.
Total wire length on LAYER met1 = 1 um.
Total wire length on LAYER met2 = 173 um.
Total wire length on LAYER met3 = 237 um.
Total wire length on LAYER met4 = 65 um.
Total wire length on LAYER met5 = 0 um.
Total number of vias = 16.
Up-via summary (total 16):

---------------------
 FR_MASTERSLICE     0
            li1     0
           met1     2
           met2     8
           met3     6
           met4     0
---------------------
               16


[INFO DRT-0198] Complete detail routing.
Total wire length = 477 um.
Total wire length on LAYER li1 = 0 um.
Total wire length on LAYER met1 = 1 um.
Total wire length on LAYER met2 = 173 um.
Total wire length on LAYER met3 = 237 um.
Total wire length on LAYER met4 = 65 um.
Total wire length on LAYER met5 = 0 um.
Total number of vias = 16.
Up-via summary (total 16):

---------------------
 FR_MASTERSLICE     0
            li1     0
           met1     2
           met2     8
           met3     6
           met4     0
---------------------
               16


[INFO DRT-0267] cpu time = 00:00:00, elapsed time = 00:00:00, memory = 557.26 (MB), peak = 557.16 (MB)

[INFO DRT-0180] Post processing.
[INFO DRT-0501] Runtime: 0.21s
PASS: all three LEFs link and signal-route with zero router DRCs. No timing, PDN, or chip-level signoff performed.
