
 /----------------------------------------------------------------------------\
 |  yosys -- Yosys Open SYnthesis Suite                                       |
 |  Copyright (C) 2012 - 2026  Claire Xenia Wolf <claire@yosyshq.com>         |
 |  Distributed under an ISC-like license, type "license" to see terms        |
 \----------------------------------------------------------------------------/
 Yosys 0.68 (git sha1 38e001a6f, Release, GNU /usr/bin/c++ 13.3.0)

-- Running command `read_verilog -lib -D USE_POWER_PINS reversible_cells.blackbox.v
read_verilog -D USE_POWER_PINS smoke.v
synth -top reversible_cells_smoke
select -assert-count 1 t:rev_not
select -assert-count 1 t:rev_cnot
select -assert-count 1 t:rev_toffoli
select *
write_json integration/powered_netlist.json
write_verilog -noattr -noexpr integration/powered_netlist.v
' --

1. Executing Verilog-2005 frontend: reversible_cells.blackbox.v
Parsing Verilog input from `reversible_cells.blackbox.v' to AST representation.
Generating RTLIL representation for module `\rev_not'.
Generating RTLIL representation for module `\rev_cnot'.
Generating RTLIL representation for module `\rev_toffoli'.
Successfully finished Verilog frontend.

2. Executing Verilog-2005 frontend: smoke.v
Parsing Verilog input from `smoke.v' to AST representation.
Generating RTLIL representation for module `\reversible_cells_smoke'.
Successfully finished Verilog frontend.

3. Executing SYNTH pass.

3.1. Executing HIERARCHY pass (managing design hierarchy).

3.1.1. Analyzing design hierarchy..
Top module:  \reversible_cells_smoke

3.1.2. Analyzing design hierarchy..
Top module:  \reversible_cells_smoke
Removed 0 unused modules.

3.2. Executing PROC pass (convert processes to netlists).

3.2.1. Executing PROC_CLEAN pass (remove empty switches from decision trees).
Cleaned up 0 empty switches.

3.2.2. Executing PROC_RMDEAD pass (remove dead branches from decision trees).
Removed a total of 0 dead cases.

3.2.3. Executing PROC_PRUNE pass (remove redundant assignments in processes).
Removed 0 redundant assignments.
Promoted 0 assignments to connections.

3.2.4. Executing PROC_INIT pass (extract init attributes).

3.2.5. Executing PROC_ARST pass (detect async resets in processes).

3.2.6. Executing PROC_ROM pass (convert switches to ROMs).
Converted 0 switches.

3.2.7. Executing PROC_MUX pass (convert decision trees to multiplexers).

3.2.8. Executing PROC_DLATCH pass (convert process syncs to latches).

3.2.9. Executing PROC_DFF pass (convert process syncs to FFs).

3.2.10. Executing PROC_MEMWR pass (convert process memory writes to cells).

3.2.11. Executing PROC_CLEAN pass (remove empty switches from decision trees).
Cleaned up 0 empty switches.

3.2.12. Executing OPT_EXPR pass (perform const folding).
Optimizing module reversible_cells_smoke.

3.3. Executing OPT_EXPR pass (perform const folding).
Optimizing module reversible_cells_smoke.

3.4. Executing OPT_CLEAN pass (remove unused cells and wires).
Finding unused cells or wires in module \reversible_cells_smoke..

3.5. Executing CHECK pass (checking for obvious problems).
Checking module reversible_cells_smoke...
Found and reported 0 problems.

3.6. Executing OPT pass (performing simple optimizations).

3.6.1. Executing OPT_EXPR pass (perform const folding).
Optimizing module reversible_cells_smoke.

3.6.2. Executing OPT_MERGE pass (detect identical cells).
Finding identical cells in module `\reversible_cells_smoke'.
Computing hashes of 3 cells of `\reversible_cells_smoke'.
Finding duplicate cells in `\reversible_cells_smoke'.
Removed a total of 0 cells.

3.6.3. Executing OPT_MUXTREE pass (detect dead branches in mux trees).
Running muxtree optimizer on module \reversible_cells_smoke..
  Creating internal representation of mux trees.
  No muxes found in this module.
Removed 0 multiplexer ports.

3.6.4. Executing OPT_REDUCE pass (consolidate $*mux and $reduce_* inputs).
  Optimizing cells in module \reversible_cells_smoke.
Performed a total of 0 changes.

3.6.5. Executing OPT_MERGE pass (detect identical cells).
Finding identical cells in module `\reversible_cells_smoke'.
Computing hashes of 3 cells of `\reversible_cells_smoke'.
Finding duplicate cells in `\reversible_cells_smoke'.
Removed a total of 0 cells.

3.6.6. Executing OPT_DFF pass (perform DFF optimizations).

3.6.7. Executing OPT_CLEAN pass (remove unused cells and wires).
Finding unused cells or wires in module \reversible_cells_smoke..

3.6.8. Executing OPT_EXPR pass (perform const folding).
Optimizing module reversible_cells_smoke.

3.6.9. Finished fast OPT passes. (There is nothing left to do.)

3.7. Executing FSM pass (extract and optimize FSM).

3.7.1. Executing FSM_DETECT pass (finding FSMs in design).

3.7.2. Executing FSM_EXTRACT pass (extracting FSM from design).

3.7.3. Executing FSM_OPT pass (simple optimizations of FSMs).

3.7.4. Executing OPT_CLEAN pass (remove unused cells and wires).
Finding unused cells or wires in module \reversible_cells_smoke..

3.7.5. Executing FSM_OPT pass (simple optimizations of FSMs).

3.7.6. Executing FSM_RECODE pass (re-assigning FSM state encoding).

3.7.7. Executing FSM_INFO pass (dumping all available information on FSM cells).

3.7.8. Executing FSM_MAP pass (mapping FSMs to basic logic).

3.8. Executing OPT pass (performing simple optimizations).

3.8.1. Executing OPT_EXPR pass (perform const folding).
Optimizing module reversible_cells_smoke.

3.8.2. Executing OPT_MERGE pass (detect identical cells).
Finding identical cells in module `\reversible_cells_smoke'.
Computing hashes of 3 cells of `\reversible_cells_smoke'.
Finding duplicate cells in `\reversible_cells_smoke'.
Removed a total of 0 cells.

3.8.3. Executing OPT_MUXTREE pass (detect dead branches in mux trees).
Running muxtree optimizer on module \reversible_cells_smoke..
  Creating internal representation of mux trees.
  No muxes found in this module.
Removed 0 multiplexer ports.

3.8.4. Executing OPT_REDUCE pass (consolidate $*mux and $reduce_* inputs).
  Optimizing cells in module \reversible_cells_smoke.
Performed a total of 0 changes.

3.8.5. Executing OPT_MERGE pass (detect identical cells).
Finding identical cells in module `\reversible_cells_smoke'.
Computing hashes of 3 cells of `\reversible_cells_smoke'.
Finding duplicate cells in `\reversible_cells_smoke'.
Removed a total of 0 cells.

3.8.6. Executing OPT_DFF pass (perform DFF optimizations).

3.8.7. Executing OPT_CLEAN pass (remove unused cells and wires).
Finding unused cells or wires in module \reversible_cells_smoke..

3.8.8. Executing OPT_EXPR pass (perform const folding).
Optimizing module reversible_cells_smoke.

3.8.9. Finished fast OPT passes. (There is nothing left to do.)

3.9. Executing WREDUCE pass (reducing word size of cells).

3.10. Executing PEEPOPT pass (run peephole optimizers).

3.11. Executing OPT_CLEAN pass (remove unused cells and wires).
Finding unused cells or wires in module \reversible_cells_smoke..

3.12. Executing ALUMACC pass (create $alu and $macc cells).
Extracting $alu and $macc cells in module reversible_cells_smoke:
  created 0 $alu and 0 $macc cells.

3.13. Executing SHARE pass (SAT-based resource sharing).

3.14. Executing OPT pass (performing simple optimizations).

3.14.1. Executing OPT_EXPR pass (perform const folding).
Optimizing module reversible_cells_smoke.

3.14.2. Executing OPT_MERGE pass (detect identical cells).
Finding identical cells in module `\reversible_cells_smoke'.
Computing hashes of 3 cells of `\reversible_cells_smoke'.
Finding duplicate cells in `\reversible_cells_smoke'.
Removed a total of 0 cells.

3.14.3. Executing OPT_MUXTREE pass (detect dead branches in mux trees).
Running muxtree optimizer on module \reversible_cells_smoke..
  Creating internal representation of mux trees.
  No muxes found in this module.
Removed 0 multiplexer ports.

3.14.4. Executing OPT_REDUCE pass (consolidate $*mux and $reduce_* inputs).
  Optimizing cells in module \reversible_cells_smoke.
Performed a total of 0 changes.

3.14.5. Executing OPT_MERGE pass (detect identical cells).
Finding identical cells in module `\reversible_cells_smoke'.
Computing hashes of 3 cells of `\reversible_cells_smoke'.
Finding duplicate cells in `\reversible_cells_smoke'.
Removed a total of 0 cells.

3.14.6. Executing OPT_DFF pass (perform DFF optimizations).

3.14.7. Executing OPT_CLEAN pass (remove unused cells and wires).
Finding unused cells or wires in module \reversible_cells_smoke..

3.14.8. Executing OPT_EXPR pass (perform const folding).
Optimizing module reversible_cells_smoke.

3.14.9. Finished fast OPT passes. (There is nothing left to do.)

3.15. Executing MEMORY pass.

3.15.1. Executing OPT_MEM pass (optimize memories).
Performed a total of 0 transformations.

3.15.2. Executing OPT_MEM_PRIORITY pass (removing unnecessary memory write priority relations).
Performed a total of 0 transformations.

3.15.3. Executing OPT_MEM_FEEDBACK pass (finding memory read-to-write feedback paths).

3.15.4. Executing MEMORY_BMUX2ROM pass (converting muxes to ROMs).

3.15.5. Executing MEMORY_DFF pass (merging $dff cells to $memrd).

3.15.6. Executing OPT_CLEAN pass (remove unused cells and wires).
Finding unused cells or wires in module \reversible_cells_smoke..

3.15.7. Executing MEMORY_SHARE pass (consolidating $memrd/$memwr cells).

3.15.8. Executing OPT_MEM_WIDEN pass (optimize memories where all ports are wide).
Performed a total of 0 transformations.

3.15.9. Executing OPT_CLEAN pass (remove unused cells and wires).
Finding unused cells or wires in module \reversible_cells_smoke..

3.15.10. Executing MEMORY_COLLECT pass (generating $mem cells).

3.16. Executing OPT_CLEAN pass (remove unused cells and wires).
Finding unused cells or wires in module \reversible_cells_smoke..

3.17. Executing OPT pass (performing simple optimizations).

3.17.1. Executing OPT_EXPR pass (perform const folding).
Optimizing module reversible_cells_smoke.

3.17.2. Executing OPT_MERGE pass (detect identical cells).
Finding identical cells in module `\reversible_cells_smoke'.
Computing hashes of 3 cells of `\reversible_cells_smoke'.
Finding duplicate cells in `\reversible_cells_smoke'.
Removed a total of 0 cells.

3.17.3. Executing OPT_DFF pass (perform DFF optimizations).

3.17.4. Executing OPT_CLEAN pass (remove unused cells and wires).
Finding unused cells or wires in module \reversible_cells_smoke..

3.17.5. Finished fast OPT passes.

3.18. Executing MEMORY_MAP pass (converting memories to logic and flip-flops).

3.19. Executing OPT pass (performing simple optimizations).

3.19.1. Executing OPT_EXPR pass (perform const folding).
Optimizing module reversible_cells_smoke.

3.19.2. Executing OPT_MERGE pass (detect identical cells).
Finding identical cells in module `\reversible_cells_smoke'.
Computing hashes of 3 cells of `\reversible_cells_smoke'.
Finding duplicate cells in `\reversible_cells_smoke'.
Removed a total of 0 cells.

3.19.3. Executing OPT_MUXTREE pass (detect dead branches in mux trees).
Running muxtree optimizer on module \reversible_cells_smoke..
  Creating internal representation of mux trees.
  No muxes found in this module.
Removed 0 multiplexer ports.

3.19.4. Executing OPT_REDUCE pass (consolidate $*mux and $reduce_* inputs).
  Optimizing cells in module \reversible_cells_smoke.
Performed a total of 0 changes.

3.19.5. Executing OPT_MERGE pass (detect identical cells).
Finding identical cells in module `\reversible_cells_smoke'.
Computing hashes of 3 cells of `\reversible_cells_smoke'.
Finding duplicate cells in `\reversible_cells_smoke'.
Removed a total of 0 cells.

3.19.6. Executing OPT_SHARE pass.

3.19.7. Executing OPT_DFF pass (perform DFF optimizations).

3.19.8. Executing OPT_CLEAN pass (remove unused cells and wires).
Finding unused cells or wires in module \reversible_cells_smoke..

3.19.9. Executing OPT_EXPR pass (perform const folding).
Optimizing module reversible_cells_smoke.

3.19.10. Finished fast OPT passes. (There is nothing left to do.)

3.20. Executing TECHMAP pass (map to technology primitives).

3.20.1. Executing Verilog-2005 frontend: /foss/tools/yosys/bin/../share/yosys/techmap.v
Parsing Verilog input from `/foss/tools/yosys/bin/../share/yosys/techmap.v' to AST representation.
Generating RTLIL representation for module `\_90_simplemap_bool_ops'.
Generating RTLIL representation for module `\_90_simplemap_reduce_ops'.
Generating RTLIL representation for module `\_90_simplemap_logic_ops'.
Generating RTLIL representation for module `\_90_simplemap_compare_ops'.
Generating RTLIL representation for module `\_90_simplemap_various'.
Generating RTLIL representation for module `\_90_simplemap_registers'.
Generating RTLIL representation for module `\_90_shift_ops_shr_shl_sshl_sshr'.
Generating RTLIL representation for module `\_90_shift_shiftx'.
Generating RTLIL representation for module `\_90_fa'.
Generating RTLIL representation for module `\_90_lcu_brent_kung'.
Generating RTLIL representation for module `\_90_alu'.
Generating RTLIL representation for module `\_90_macc'.
Generating RTLIL representation for module `\_90_alumacc'.
Generating RTLIL representation for module `$__div_mod_u'.
Generating RTLIL representation for module `$__div_mod_trunc'.
Generating RTLIL representation for module `\_90_div'.
Generating RTLIL representation for module `\_90_mod'.
Generating RTLIL representation for module `$__div_mod_floor'.
Generating RTLIL representation for module `\_90_divfloor'.
Generating RTLIL representation for module `\_90_modfloor'.
Generating RTLIL representation for module `\_90_pow'.
Generating RTLIL representation for module `\_90_demux'.
Generating RTLIL representation for module `\_90_lut'.
Generating RTLIL representation for module `$connect'.
Generating RTLIL representation for module `$input_port'.
Successfully finished Verilog frontend.

3.20.2. Continuing TECHMAP pass.
No more expansions possible.
<suppressed ~77 debug messages>

3.21. Executing OPT pass (performing simple optimizations).

3.21.1. Executing OPT_EXPR pass (perform const folding).
Optimizing module reversible_cells_smoke.

3.21.2. Executing OPT_MERGE pass (detect identical cells).
Finding identical cells in module `\reversible_cells_smoke'.
Computing hashes of 3 cells of `\reversible_cells_smoke'.
Finding duplicate cells in `\reversible_cells_smoke'.
Removed a total of 0 cells.

3.21.3. Executing OPT_DFF pass (perform DFF optimizations).

3.21.4. Executing OPT_CLEAN pass (remove unused cells and wires).
Finding unused cells or wires in module \reversible_cells_smoke..

3.21.5. Finished fast OPT passes.

3.22. Executing ABC pass (technology mapping using ABC).

3.22.1. Extracting gate netlist of module `\reversible_cells_smoke' to `<abc-temp-dir>/input.blif'..

3.22.1.1. Executed ABC.
Extracted 0 gates and 0 wires to a netlist network with 0 inputs and 0 outputs.
Don't call ABC as there is nothing to map.
Removing temp directory.
Removing global temp directory.

3.23. Executing OPT pass (performing simple optimizations).

3.23.1. Executing OPT_EXPR pass (perform const folding).
Optimizing module reversible_cells_smoke.

3.23.2. Executing OPT_MERGE pass (detect identical cells).
Finding identical cells in module `\reversible_cells_smoke'.
Computing hashes of 3 cells of `\reversible_cells_smoke'.
Finding duplicate cells in `\reversible_cells_smoke'.
Removed a total of 0 cells.

3.23.3. Executing OPT_DFF pass (perform DFF optimizations).

3.23.4. Executing OPT_CLEAN pass (remove unused cells and wires).
Finding unused cells or wires in module \reversible_cells_smoke..

3.23.5. Finished fast OPT passes.

3.24. Executing HIERARCHY pass (managing design hierarchy).
Attribute `top' found on module `reversible_cells_smoke'. Setting top module to reversible_cells_smoke.

3.24.1. Analyzing design hierarchy..
Top module:  \reversible_cells_smoke

3.24.2. Analyzing design hierarchy..
Top module:  \reversible_cells_smoke
Removed 0 unused modules.

3.25. Printing statistics.

=== reversible_cells_smoke ===

        +----------Local Count, excluding submodules.
        | 
        4 wires
       11 wire bits
        4 public wires
       11 public wire bits
        2 ports
        9 port bits
        3 cells
        1   rev_cnot
        1   rev_not
        1   rev_toffoli

3.26. Executing CHECK pass (checking for obvious problems).
Checking module reversible_cells_smoke...
Found and reported 0 problems.

4. Executing JSON backend.

5. Executing Verilog backend.
Dumping module `\reversible_cells_smoke'.

End of script. Logfile hash: a602c5afe9, time: 0.02s, user: 0.02s, system: 0.00s, MEM: 39.62 MB peak
Yosys 0.68 (git sha1 38e001a6f, Release, GNU /usr/bin/c++ 13.3.0)
Time spent: 54% 5x read_verilog (0 sec), 13% 11x opt_merge (0 sec), ...
