Running pin_label_purposes_overlapping_drawing.rb.drc on file=/foss/designs/current-designs/reversible-mac/src/reversible_stdcells/layout/views/rev_toffoli/rev_toffoli.gds, topcell=, output to /foss/designs/current-designs/reversible-mac/src/reversible_stdcells/layout/views/rev_toffoli/verification/rev_toffoli.klayout.drc.pincheck.xml
  deep:false tiled:false threads:6
--- #err|description, table for cell: 
NO-Check ----        pwell:64/44/EMP   122/16/EMP    64/59/EMP    44/16/EMP     44/5/EMP
         ----        nwell:64/20/dat    64/16/EMP     64/5/EMP
         ----         diff:65/20/dat    65/16/EMP     65/6/EMP
         ----          tap:65/44/dat    65/48/EMP     65/5/EMP
         ----         poly:66/20/dat    66/16/EMP     66/5/EMP
         ----       licon1:66/44/dat    66/58/EMP
         ----          li1:67/20/dat    67/16/EMP     67/5/EMP
         ----         mcon:67/44/dat    67/48/EMP
         ----         met1:68/20/dat    68/16/EMP     68/5/EMP
         ----          via:68/44/dat    68/58/EMP
         ----         met2:69/20/dat    69/16/EMP     69/5/EMP
         ----         via2:69/44/dat    69/58/EMP
         ----         met3:70/20/dat    70/16/dat     70/5/EMP
         ----         via3:70/44/EMP    70/48/EMP
         ----         met4:71/20/EMP    71/16/EMP     71/5/EMP
         ----         via4:71/44/EMP    71/48/EMP
         ----         met5:72/20/EMP    72/16/EMP     72/5/EMP
         ----          pad:76/20/EMP     76/5/EMP    76/16/EMP
         ----          pnp:82/44/EMP    82/59/EMP
         ----          npn:82/20/EMP     82/5/EMP
         ----          rdl:74/20/EMP    74/16/EMP     74/5/EMP
         ----     inductor:82/24/EMP    82/25/EMP
       0 total error(s) among 0 error type(s), 33 checks, cell: 
Writing report...
VmPeak:	  679796 kB
VmHWM:	  449812 kB
